== d = 20, Float64 vs Float32, Arpack and Krylov, 4 seeds
20,Float64,ArpackSolver,20,0.184,559594896,3,1.358e-12,"ok"
20,Float64,KrylovSolver,20,0.286,435387992,3,4.092e-14,"ok"
20,Float64,ArpackSolver,1020,0.193,558468856,3,2.427e-14,"ok"
20,Float64,KrylovSolver,1020,0.223,436086128,3,1.824e-10,"ok"
20,Float64,ArpackSolver,2020,0.152,478520016,3,2.221e-14,"ok"
20,Float64,KrylovSolver,2020,0.259,380140136,3,3.161e-14,"ok"
20,Float64,ArpackSolver,3020,0.144,461629416,3,1.355e-14,"ok"
20,Float64,KrylovSolver,3020,0.172,367011344,3,5.901e-11,"ok"
20,Float32,ArpackSolver,20,0.132,241517864,3,1.121e-05,"ok"
20,Float32,KrylovSolver,20,0.266,299319008,3,3.480e-05,"ok"
20,Float32,ArpackSolver,1020,0.123,249944648,3,9.977e-06,"ok"
20,Float32,KrylovSolver,1020,0.303,360966232,3,5.307e-05,"ok"
20,Float32,ArpackSolver,2020,0.123,217642712,3,1.366e-05,"ok"
20,Float32,KrylovSolver,2020,0.358,428895072,3,1.098e-05,"ok"
20,Float32,ArpackSolver,3020,0.103,207109472,3,1.622e-04,"ok"
20,Float32,KrylovSolver,3020,0.235,291301816,3,6.952e-05,"ok"
== CGSolver (LOBPCG) direct, Float32, d = 20 and 30, tol sweep
┌ Warning: CGSolver: LOBPCG block 1 of 16 requested (dim = 630); the basis returned may be partial.
└ @ DletoIterativeSolversExt ~/CODE/OpenDleto/ext/DletoIterativeSolversExt.jl:216
20,Float32,1e-10,16,6.129,1772,8.875e+01,0,1,4.93e-06,NaN,NaN,NaN,NaN
┌ Warning: CGSolver: LOBPCG block 1 of 16 requested (dim = 630); the basis returned may be partial.
└ @ DletoIterativeSolversExt ~/CODE/OpenDleto/ext/DletoIterativeSolversExt.jl:216
20,Float32,1e-06,16,0.798,1368,8.875e+01,1,1,3.35e-09,NaN,NaN,NaN,NaN
┌ Warning: CGSolver: LOBPCG block 1 of 16 requested (dim = 630); the basis returned may be partial.
└ @ DletoIterativeSolversExt ~/CODE/OpenDleto/ext/DletoIterativeSolversExt.jl:216
20,Float32,1e-04,16,0.859,1335,8.875e+01,1,1,3.32e-09,NaN,NaN,NaN,NaN
┌ Warning: CGSolver: LOBPCG block 3 of 16 requested (dim = 630); the basis returned may be partial.
└ @ DletoIterativeSolversExt ~/CODE/OpenDleto/ext/DletoIterativeSolversExt.jl:216
20,Float32,1e-03,16,0.976,1561,8.875e+01,1,3,1.80e-08,1.20e-06,1.30e-06,NaN,NaN
┌ Warning: CGSolver: LOBPCG block 12 of 16 requested (dim = 630); the basis returned may be partial.
└ @ DletoIterativeSolversExt ~/CODE/OpenDleto/ext/DletoIterativeSolversExt.jl:216
20,Float32,1e-02,16,0.392,702,8.875e+01,3,3,7.25e-08,9.51e-08,7.06e-07,4.93e-03,8.52e-03
┌ Warning: CGSolver: LOBPCG block 1 of 16 requested (dim = 1395); the basis returned may be partial.
└ @ DletoIterativeSolversExt ~/CODE/OpenDleto/ext/DletoIterativeSolversExt.jl:216
30,Float32,1e-10,16,3.669,2183,1.261e+02,0,1,4.35e-05,NaN,NaN,NaN,NaN
┌ Warning: CGSolver: LOBPCG block 1 of 16 requested (dim = 1395); the basis returned may be partial.
└ @ DletoIterativeSolversExt ~/CODE/OpenDleto/ext/DletoIterativeSolversExt.jl:216
30,Float32,1e-06,16,3.613,2183,1.261e+02,0,1,4.35e-05,NaN,NaN,NaN,NaN
┌ Warning: CGSolver: LOBPCG block 1 of 16 requested (dim = 1395); the basis returned may be partial.
└ @ DletoIterativeSolversExt ~/CODE/OpenDleto/ext/DletoIterativeSolversExt.jl:216
30,Float32,1e-04,16,2.934,1808,1.261e+02,1,1,3.00e-09,NaN,NaN,NaN,NaN
┌ Warning: CGSolver: LOBPCG block 1 of 16 requested (dim = 1395); the basis returned may be partial.
└ @ DletoIterativeSolversExt ~/CODE/OpenDleto/ext/DletoIterativeSolversExt.jl:216
30,Float32,1e-03,16,3.433,1992,1.261e+02,1,1,3.99e-07,NaN,NaN,NaN,NaN
┌ Warning: CGSolver: LOBPCG block 3 of 16 requested (dim = 1395); the basis returned may be partial.
└ @ DletoIterativeSolversExt ~/CODE/OpenDleto/ext/DletoIterativeSolversExt.jl:216
30,Float32,1e-02,16,3.025,1742,1.261e+02,1,3,2.29e-08,1.88e-06,2.51e-06,NaN,NaN
┌ Warning: CGSolver: LOBPCG block 6 of 16 requested (dim = 630); the basis returned may be partial.
└ @ DletoIterativeSolversExt ~/CODE/OpenDleto/ext/DletoIterativeSolversExt.jl:216
20,Float64,1e-10,16,7.156,4281,8.886e+01,3,3,3.00e-17,8.51e-16,1.57e-14,4.92e-03,8.51e-03
20,Float64,1e-06,16,0.999,1439,8.886e+01,3,3,3.47e-17,4.94e-17,5.16e-17,4.92e-03,8.51e-03
┌ Warning: CGSolver: LOBPCG block 12 of 16 requested (dim = 1395); the basis returned may be partial.
└ @ DletoIterativeSolversExt ~/CODE/OpenDleto/ext/DletoIterativeSolversExt.jl:216
30,Float64,1e-10,16,5.041,4034,1.268e+02,3,3,2.62e-16,3.59e-16,6.10e-15,7.16e-03,1.32e-02
30,Float64,1e-06,16,2.511,2026,1.268e+02,3,3,6.86e-16,6.88e-16,1.96e-14,7.16e-03,1.32e-02
EXP2B DONE
EXIT 0
