Precompiling packages...
   1437.5 ms  ✓ DletoArpackExt (serial)
  1 dependency successfully precompiled in 1 seconds
Precompiling packages...
   1395.2 ms  ✓ Dleto → DletoKrylovKitExt
  1 dependency successfully precompiled in 3 seconds. 334 already precompiled.
== warmup Float32
30,Float32,ArpackSolver,30,1.0e-06,0.267,862734448,3,3.027e-05,1.000000,"ok"
30,Float32,ArpackSolver,30,1.2e-05,0.257,864622152,3,3.431e-05,1.000000,"ok"
30,Float32,ArpackP,30,1.0e-06,0.178,622320664,3,2.214e-05,1.000000,"ok"
30,Float32,ArpackP,30,1.2e-05,0.181,637420760,3,3.773e-05,1.000000,"ok"
30,Float32,ArpackP64,30,1.0e-06,0.241,824800080,3,4.948e-06,1.000000,"ok"
30,Float32,ArpackP64,30,1.2e-05,0.256,862918320,3,5.801e-06,1.000000,"ok"
30,Float32,KrylovSolver,30,1.0e-06,9.311,24501763784,3,7.416e-05,1.000000,"ok"
30,Float32,KrylovSolver,30,1.2e-05,11.022,24501768904,3,4.469e-04,1.000000,"ok"
30,Float32,KrylovP,30,1.0e-06,0.217,514232536,3,2.201e-05,1.000000,"ok"
30,Float32,KrylovP,30,1.2e-05,0.261,596814768,3,4.422e-05,1.000000,"ok"
30,Float32,KrylovP64,30,1.0e-06,0.348,745062752,3,8.608e-06,1.000000,"ok"
30,Float32,KrylovP64,30,1.2e-05,0.327,762686968,3,7.170e-06,1.000000,"ok"
30,Float32,CGP,30,1.0e-06,0.824,1881869296,3,1.495e-02,0.999776,"ok"
30,Float32,CGP,30,1.2e-05,2.820,6018946584,3,5.723e-03,0.999967,"ok"
30,Float32,CGP64,30,1.0e-06,4.679,9499695752,1,2.229e-05,1.000000,"ok"
30,Float32,CGP64,30,1.2e-05,4.533,9853479288,3,1.101e-04,1.000000,"ok"
30,Float32,ArpackSolver,1030,1.0e-06,0.239,679645976,3,1.537e-05,1.000000,"ok"
30,Float32,ArpackSolver,1030,1.2e-05,0.250,679645976,3,1.621e-05,1.000000,"ok"
30,Float32,ArpackP,1030,1.0e-06,0.183,533607600,3,1.432e-05,1.000000,"ok"
30,Float32,ArpackP,1030,1.2e-05,0.180,552482720,3,2.224e-05,1.000000,"ok"
30,Float32,ArpackP64,1030,1.0e-06,0.295,691386240,3,7.611e-06,1.000000,"ok"
30,Float32,ArpackP64,1030,1.2e-05,0.223,636114792,3,6.392e-06,1.000000,"ok"
30,Float32,KrylovSolver,1030,1.0e-06,13.386,24501765704,3,2.832e-04,1.000000,"ok"
30,Float32,KrylovSolver,1030,1.2e-05,12.993,24501761224,3,2.066e-04,1.000000,"ok"
30,Float32,KrylovP,1030,1.0e-06,0.203,479592872,3,6.495e-05,1.000000,"ok"
30,Float32,KrylovP,1030,1.2e-05,0.207,469832112,3,1.175e-03,0.999999,"ok"
30,Float32,KrylovP64,1030,1.0e-06,0.231,573554520,3,7.631e-06,1.000000,"ok"
30,Float32,KrylovP64,1030,1.2e-05,0.280,597377448,3,8.437e-06,1.000000,"ok"
30,Float32,CGP,1030,1.0e-06,0.880,2207096960,2,1.324e-02,0.999825,"ok"
30,Float32,CGP,1030,1.2e-05,1.352,3072359504,3,8.954e-03,0.999920,"ok"
30,Float32,CGP64,1030,1.0e-06,10.853,22286813024,2,3.380e-04,1.000000,"ok"
30,Float32,CGP64,1030,1.2e-05,117.565,195776432824,1,5.049e-06,1.000000,"ok"
30,Float32,ArpackSolver,2030,1.0e-06,0.321,883497272,3,1.345e-05,1.000000,"ok"
30,Float32,ArpackSolver,2030,1.2e-05,0.350,877834736,3,7.583e-05,1.000000,"ok"
30,Float32,ArpackP,2030,1.0e-06,0.204,609108080,3,2.883e-05,1.000000,"ok"
30,Float32,ArpackP,2030,1.2e-05,0.199,584570232,3,1.169e-05,1.000000,"ok"
30,Float32,ArpackP64,2030,1.0e-06,0.250,681856488,3,1.180e-05,1.000000,"ok"
30,Float32,ArpackP64,2030,1.2e-05,0.277,685668504,3,1.009e-05,1.000000,"ok"
30,Float32,KrylovSolver,2030,1.0e-06,13.112,24501759304,3,4.035e-04,1.000000,"ok"
30,Float32,KrylovSolver,2030,1.2e-05,12.545,24501765064,3,4.727e-04,1.000000,"ok"
30,Float32,KrylovP,2030,1.0e-06,0.275,519648080,3,8.526e-05,1.000000,"ok"
30,Float32,KrylovP,2030,1.2e-05,0.247,539081600,3,6.044e-04,1.000000,"ok"
30,Float32,KrylovP64,2030,1.0e-06,0.350,636042648,3,6.111e-06,1.000000,"ok"
30,Float32,KrylovP64,2030,1.2e-05,0.313,630241552,3,6.946e-06,1.000000,"ok"
30,Float32,CGP,2030,1.0e-06,0.638,1377442408,2,1.445e-02,0.999791,"ok"
30,Float32,CGP,2030,1.2e-05,0.597,1356678160,2,6.442e-03,0.999958,"ok"
30,Float32,CGP64,2030,1.0e-06,93.627,155353828688,2,1.975e-04,1.000000,"ok"
30,Float32,CGP64,2030,1.2e-05,18.925,37044443496,0,NaN,NaN,"error: no nontrivial derivations"
40,Float32,ArpackSolver,40,1.0e-06,1.439,2204127976,3,2.278e-05,1.000000,"ok"
40,Float32,ArpackSolver,40,1.2e-05,1.142,1834056304,3,3.549e-05,1.000000,"ok"
40,Float32,ArpackP,40,1.0e-06,1.111,1521295296,3,3.424e-05,1.000000,"ok"
40,Float32,ArpackP,40,1.2e-05,1.106,1556348904,3,1.838e-04,1.000000,"ok"
40,Float32,ArpackP64,40,1.0e-06,1.235,1945698712,3,2.881e-05,1.000000,"ok"
40,Float32,ArpackP64,40,1.2e-05,1.230,1910369104,3,1.534e-04,1.000000,"ok"
40,Float32,KrylovSolver,40,1.0e-06,37.791,50452929288,3,3.795e-04,1.000000,"ok"
40,Float32,KrylovSolver,40,1.2e-05,37.862,50452928008,3,1.177e-04,1.000000,"ok"
40,Float32,KrylovP,40,1.0e-06,0.946,1490485352,3,4.730e-04,1.000000,"ok"
40,Float32,KrylovP,40,1.2e-05,0.826,1403770728,3,9.509e-05,1.000000,"ok"
40,Float32,KrylovP64,40,1.0e-06,1.079,1768205288,3,3.630e-05,1.000000,"ok"
40,Float32,KrylovP64,40,1.2e-05,1.129,1824636168,3,1.036e-05,1.000000,"ok"
40,Float32,CGP,40,1.0e-06,5.031,7347762336,1,3.941e-03,0.999984,"ok"
40,Float32,CGP,40,1.2e-05,4.565,6841699264,3,2.290e-02,0.999476,"ok"
40,Float32,CGP64,40,1.0e-06,290.146,486535865400,0,NaN,NaN,"error: no nontrivial derivations"
40,Float32,CGP64,40,1.2e-05,14.957,43096826440,3,4.430e-04,1.000000,"ok"
40,Float32,ArpackSolver,1040,1.0e-06,0.559,1795108256,3,6.130e-05,1.000000,"ok"
40,Float32,ArpackSolver,1040,1.2e-05,0.551,1799003080,3,4.830e-05,1.000000,"ok"
40,Float32,ArpackP,1040,1.0e-06,0.426,1455083480,3,2.037e-05,1.000000,"ok"
40,Float32,ArpackP,1040,1.2e-05,0.442,1497926544,3,2.763e-05,1.000000,"ok"
40,Float32,ArpackP64,1040,1.0e-06,0.534,1757274136,3,2.584e-05,1.000000,"ok"
40,Float32,ArpackP64,1040,1.2e-05,0.515,1729795552,3,6.846e-06,1.000000,"ok"
40,Float32,KrylovSolver,1040,1.0e-06,18.316,50452924808,3,1.740e-03,0.999997,"ok"
40,Float32,KrylovSolver,1040,1.2e-05,18.201,50452928008,3,1.941e-04,1.000000,"ok"
40,Float32,KrylovP,1040,1.0e-06,0.375,1314460224,3,1.945e-05,1.000000,"ok"
40,Float32,KrylovP,1040,1.2e-05,0.384,1333803704,3,2.312e-04,1.000000,"ok"
40,Float32,KrylovP64,1040,1.0e-06,0.492,1645803008,3,5.409e-05,1.000000,"ok"
40,Float32,KrylovP64,1040,1.2e-05,0.501,1677941712,3,7.703e-06,1.000000,"ok"
40,Float32,CGP,1040,1.0e-06,1.725,5275469312,1,2.436e-02,0.999407,"ok"
40,Float32,CGP,1040,1.2e-05,0.807,2594824432,3,4.394e-02,0.998069,"ok"
40,Float32,CGP64,1040,1.0e-06,383.353,627123312816,3,2.343e-03,0.999995,"ok"
40,Float32,CGP64,1040,1.2e-05,1422.904,208258071480,1,1.358e-04,1.000000,"ok"
40,Float32,ArpackSolver,2040,1.0e-06,0.477,1810687552,3,2.970e-05,1.000000,"ok"
40,Float32,ArpackSolver,2040,1.2e-05,0.486,1806792728,3,4.595e-05,1.000000,"ok"
40,Float32,ArpackP,2040,1.0e-06,0.409,1595296952,3,2.830e-04,1.000000,"ok"
40,Float32,ArpackP,2040,1.2e-05,0.367,1455083480,3,1.329e-05,1.000000,"ok"
40,Float32,ArpackP64,2040,1.0e-06,0.538,1824007840,3,1.073e-05,1.000000,"ok"
40,Float32,ArpackP64,2040,1.2e-05,0.495,1788678040,3,7.525e-05,1.000000,"ok"
40,Float32,KrylovSolver,2040,1.0e-06,16.106,50452929928,3,2.887e-04,1.000000,"ok"
40,Float32,KrylovSolver,2040,1.2e-05,15.993,50452926088,3,1.436e-04,1.000000,"ok"
40,Float32,KrylovP,2040,1.0e-06,0.274,1116451104,3,5.195e-05,1.000000,"ok"
40,Float32,KrylovP,2040,1.2e-05,0.290,1179501680,3,7.125e-05,1.000000,"ok"
40,Float32,KrylovP64,2040,1.0e-06,0.467,1762008216,3,2.785e-04,1.000000,"ok"
40,Float32,KrylovP64,2040,1.2e-05,0.446,1709340896,3,6.218e-06,1.000000,"ok"
40,Float32,CGP,2040,1.0e-06,1.408,4861778032,2,2.143e-02,0.999541,"ok"
40,Float32,CGP,2040,1.2e-05,5.953,19871315472,3,1.730e-02,0.999701,"ok"
40,Float32,CGP64,2040,1.0e-06,281.159,670644738680,1,5.799e-06,1.000000,"ok"
40,Float32,CGP64,2040,1.2e-05,6.836,21036137928,3,1.379e-03,0.999998,"ok"
== warmup Float64
30,Float64,ArpackSolver,30,1.0e-06,0.301,1196337048,3,6.577e-14,1.000000,"ok"
30,Float64,ArpackP,30,1.0e-06,0.325,1392067464,3,2.672e-14,1.000000,"ok"
30,Float64,KrylovSolver,30,1.0e-06,1.694,6248992856,3,6.669e-14,1.000000,"ok"
30,Float64,KrylovP,30,1.0e-06,0.253,1231974528,3,1.768e-13,1.000000,"ok"
30,Float64,CGSolver,30,1.0e-06,3.475,14134463408,3,9.146e-12,1.000000,"ok"
30,Float64,CGP,30,1.0e-06,1.604,6574479624,3,3.852e-07,1.000000,"ok"
30,Float64,ArpackSolver,1030,1.0e-06,0.332,1505146408,3,1.771e-13,1.000000,"ok"
30,Float64,ArpackP,1030,1.0e-06,0.322,1536616616,3,4.625e-14,1.000000,"ok"
30,Float64,KrylovSolver,1030,1.0e-06,1.258,4925883944,3,8.255e-14,1.000000,"ok"
30,Float64,KrylovP,1030,1.0e-06,0.215,1065324320,2,1.338e-13,1.000000,"ok"
30,Float64,CGSolver,1030,1.0e-06,4.817,19617734992,3,1.555e-11,1.000000,"ok"
30,Float64,CGP,1030,1.0e-06,1.367,5581421272,3,1.745e-07,1.000000,"ok"
30,Float64,ArpackSolver,2030,1.0e-06,0.336,1518287240,3,5.439e-14,1.000000,"ok"
30,Float64,ArpackP,2030,1.0e-06,0.351,1651598896,3,4.171e-14,1.000000,"ok"
30,Float64,KrylovSolver,2030,1.0e-06,1.267,4925634424,3,2.439e-12,1.000000,"ok"
30,Float64,KrylovP,2030,1.0e-06,0.220,1085026368,2,5.481e-09,1.000000,"ok"
30,Float64,CGSolver,2030,1.0e-06,3.150,12832748768,3,2.027e-11,1.000000,"ok"
30,Float64,CGP,2030,1.0e-06,1.349,5555737160,3,6.909e-08,1.000000,"ok"
40,Float64,ArpackSolver,40,1.0e-06,0.986,4020943264,3,4.518e-14,1.000000,"ok"
40,Float64,ArpackP,40,1.0e-06,0.915,3955291400,3,6.017e-14,1.000000,"ok"
40,Float64,KrylovSolver,40,1.0e-06,3.771,14328170376,3,1.814e-13,1.000000,"ok"
40,Float64,KrylovP,40,1.0e-06,0.752,3244943488,3,4.096e-09,1.000000,"ok"
40,Float64,CGSolver,40,1.0e-06,15.699,64124484816,3,2.756e-11,1.000000,"ok"
40,Float64,CGP,40,1.0e-06,4.305,17160384672,3,9.888e-08,1.000000,"ok"
40,Float64,ArpackSolver,1040,1.0e-06,0.787,3284036264,3,4.081e-14,1.000000,"ok"
40,Float64,ArpackP,1040,1.0e-06,0.781,3379851464,3,2.766e-14,1.000000,"ok"
40,Float64,KrylovSolver,1040,1.0e-06,3.150,12189428920,3,1.057e-12,1.000000,"ok"
40,Float64,KrylovP,1040,1.0e-06,0.683,2835028496,3,1.830e-09,1.000000,"ok"
40,Float64,CGSolver,1040,1.0e-06,10.693,43188736784,3,1.757e-12,1.000000,"ok"
40,Float64,CGP,1040,1.0e-06,3.288,12966127080,3,7.511e-08,1.000000,"ok"
40,Float64,ArpackSolver,2040,1.0e-06,0.793,3291053632,3,4.742e-14,1.000000,"ok"
40,Float64,ArpackP,2040,1.0e-06,0.881,3885115800,3,7.137e-14,1.000000,"ok"
40,Float64,KrylovSolver,2040,1.0e-06,3.316,12974601672,3,9.650e-14,1.000000,"ok"
40,Float64,KrylovP,2040,1.0e-06,0.733,3168046296,3,1.353e-06,1.000000,"ok"
40,Float64,CGSolver,2040,1.0e-06,8.751,35439667744,3,1.450e-11,1.000000,"ok"
40,Float64,CGP,2040,1.0e-06,3.189,12761654304,3,8.176e-08,1.000000,"ok"
EXP5 DONE
EXIT 0
