== warmup Float64
30,Float64,SVDSolver,30,1395,4.1430,4758618008,1.305,3,9.690e-14,1.000000,yes,"ok"
30,Float64,ArpackSolver,30,1395,0.9997,1917699416,1.320,3,3.883e-14,1.000000,yes,"ok"
30,Float64,KrylovSolver,30,1395,0.5604,1432296064,1.324,3,8.710e-14,1.000000,yes,"ok"
30,Float64,CGSolver,30,1395,15.9224,22789688952,1.337,3,3.805e-12,1.000000,yes,"ok"
30,Float64,ArpackSolver,1030,1395,1.0792,1746868584,1.337,3,1.839e-14,1.000000,yes,"ok"
30,Float64,KrylovSolver,1030,1395,0.8333,1341395800,1.337,3,3.573e-13,1.000000,yes,"ok"
30,Float64,CGSolver,1030,1395,11.2307,16933016016,1.337,3,1.488e-11,1.000000,yes,"ok"
30,Float64,ArpackSolver,2030,1395,1.1397,1822428384,1.337,3,2.256e-14,1.000000,yes,"ok"
30,Float64,KrylovSolver,2030,1395,0.6917,1128120040,1.337,2,9.157e-14,1.000000,yes,"ok"
30,Float64,CGSolver,2030,1395,11.2119,15717327704,1.337,3,2.648e-10,1.000000,yes,"ok"
35,Float64,SVDSolver,35,1890,12.5323,9307441872,1.379,3,1.737e-13,1.000000,yes,"ok"
35,Float64,ArpackSolver,35,1890,2.3081,2452238664,1.379,3,1.292e-13,1.000000,yes,"ok"
35,Float64,KrylovSolver,35,1890,1.4932,1486984216,1.379,2,7.090e-14,1.000000,yes,"ok"
35,Float64,CGSolver,35,1890,51.1717,62629550712,1.379,3,2.581e-11,1.000000,yes,"ok"
35,Float64,ArpackSolver,1035,1890,1.8485,2713784800,1.379,3,1.176e-13,1.000000,yes,"ok"
35,Float64,KrylovSolver,1035,1890,0.8494,1543312632,1.379,2,1.103e-10,1.000000,yes,"ok"
35,Float64,CGSolver,1035,1890,17.2392,24342070184,1.379,3,5.899e-12,1.000000,yes,"ok"
35,Float64,ArpackSolver,2035,1890,2.4272,3251143000,1.379,3,3.186e-14,1.000000,yes,"ok"
35,Float64,KrylovSolver,2035,1890,1.8335,2020738800,1.379,3,5.767e-12,1.000000,yes,"ok"
35,Float64,CGSolver,2035,1890,30.1109,24848764976,1.379,3,2.387e-11,1.000000,yes,"ok"
40,Float64,SVDSolver,40,2460,32.5969,17744392768,1.379,3,1.059e-13,1.000000,yes,"ok"
40,Float64,ArpackSolver,40,2460,6.2889,4390378584,1.379,3,3.913e-14,1.000000,yes,"ok"
40,Float64,KrylovSolver,40,2460,4.8737,3321994264,1.379,3,7.444e-10,1.000000,yes,"ok"
40,Float64,CGSolver,40,2460,63.2452,24461425488,1.379,3,3.749e-12,1.000000,yes,"ok"
40,Float64,ArpackSolver,1040,2460,9.4739,3878096704,1.379,3,7.559e-14,1.000000,yes,"ok"
40,Float64,KrylovSolver,1040,2460,8.2842,3232268544,1.379,3,1.194e-13,1.000000,yes,"ok"
40,Float64,CGSolver,1040,2460,61.8502,21386096800,1.379,3,1.822e-11,1.000000,yes,"ok"
40,Float64,ArpackSolver,2040,2460,14.4453,4264062696,1.379,3,2.228e-14,1.000000,yes,"ok"
40,Float64,KrylovSolver,2040,2460,9.9854,3251830600,1.379,3,9.910e-11,1.000000,yes,"ok"
40,Float64,CGSolver,2040,2460,110.9778,47591120248,1.379,3,7.774e-12,1.000000,yes,"ok"
== warmup Float32
30,Float32,SVDSolver,30,1395,5.4409,2735707320,1.379,3,2.706e-05,1.000000,yes,"ok"
30,Float32,ArpackSolver,30,1395,1.0800,809184352,1.379,3,7.090e-06,1.000000,yes,"ok"
30,Float32,KrylovSolver,30,1395,1.4372,931311424,1.379,3,1.019e-05,1.000000,yes,"ok"
30,Float32,CGSolver,30,1395,106.9814,54579026744,1.379,0,NaN,NaN,no,"error: PosDefException: matrix is not positive definite; Factorization failed."
30,Float32,ArpackSolver,1030,1395,1.0981,601557840,1.379,3,9.223e-06,1.000000,yes,"ok"
30,Float32,KrylovSolver,1030,1395,2.0867,961494592,1.379,3,8.145e-05,1.000000,yes,"ok"
30,Float32,CGSolver,1030,1395,27.9709,17570801168,1.379,0,NaN,NaN,no,"error: no nontrivial derivations"
30,Float32,ArpackSolver,2030,1395,1.0363,635533248,1.379,3,2.272e-04,1.000000,yes,"ok"
30,Float32,KrylovSolver,2030,1395,1.5188,1062177096,1.379,3,3.697e-05,1.000000,yes,"ok"
30,Float32,CGSolver,2030,1395,63.7199,43484958608,1.379,2,5.863e-02,0.996563,yes,"ok"
35,Float32,SVDSolver,35,1890,13.3690,5408553616,1.379,3,1.767e-04,1.000000,yes,"ok"
35,Float32,ArpackSolver,35,1890,1.2613,846637472,1.379,3,1.224e-04,1.000000,yes,"ok"
35,Float32,KrylovSolver,35,1890,2.5722,1660175936,1.379,3,4.191e-05,1.000000,yes,"ok"
35,Float32,CGSolver,35,1890,354.6236,158982575256,1.379,1,1.001e-05,1.000000,yes,"ok"
35,Float32,ArpackSolver,1035,1890,2.0877,932791432,1.379,3,2.782e-05,1.000000,yes,"ok"
35,Float32,KrylovSolver,1035,1890,1.7574,1023974392,1.379,3,7.926e-05,1.000000,yes,"ok"
35,Float32,CGSolver,1035,1890,59.2622,25086078952,1.379,0,NaN,NaN,no,"error: PosDefException: matrix is not positive definite; Factorization failed."
35,Float32,ArpackSolver,2035,1890,2.9778,1199590792,1.379,3,7.517e-06,1.000000,yes,"ok"
35,Float32,KrylovSolver,2035,1890,2.9340,1240675776,1.379,3,3.646e-05,1.000000,yes,"ok"
35,Float32,CGSolver,2035,1890,41.0667,16457889736,1.379,0,NaN,NaN,no,"error: no nontrivial derivations"
40,Float32,SVDSolver,40,2460,21.1259,9847623456,1.379,3,7.562e-05,1.000000,yes,"ok"
40,Float32,ArpackSolver,40,2460,3.3504,1875724472,1.379,3,4.068e-05,1.000000,yes,"ok"
40,Float32,KrylovSolver,40,2460,12.2621,7125170864,1.379,3,4.057e-05,1.000000,yes,"ok"
40,Float32,CGSolver,40,2460,434.2485,183722388632,1.413,0,NaN,NaN,no,"error: no nontrivial derivations"
40,Float32,ArpackSolver,1040,2460,3.6087,1735510616,1.413,3,2.461e-05,1.000000,yes,"ok"
40,Float32,KrylovSolver,1040,2460,4.3306,1686910032,1.413,0,NaN,NaN,no,"error: LAPACKException(32)"
40,Float32,CGSolver,1040,2460,23.4727,10447957504,1.413,0,NaN,NaN,no,"error: no nontrivial derivations"
40,Float32,ArpackSolver,2040,2460,3.7217,1696562568,1.413,3,6.544e-05,1.000000,yes,"ok"
40,Float32,KrylovSolver,2040,2460,6.3757,2696645128,1.413,3,9.373e-05,1.000000,yes,"ok"
40,Float32,CGSolver,2040,2460,16.8285,7467345960,1.413,0,NaN,NaN,no,"error: no nontrivial derivations"
EXIT 0
