== Part A: run_stratify tol sweep, Float32, d = 30
30,Float32,ArpackSolver,1e-03,1.067,3,8.131e-06,"ok"
30,Float32,ArpackSolver,1e-04,1.061,3,9.348e-06,"ok"
30,Float32,ArpackSolver,1e-05,1.456,3,9.780e-06,"ok"
30,Float32,ArpackSolver,1e-06,1.007,3,7.686e-06,"ok"
30,Float32,KrylovSolver,1e-03,1.316,3,3.402e-05,"ok"
30,Float32,KrylovSolver,1e-04,1.955,3,9.202e-05,"ok"
30,Float32,KrylovSolver,1e-05,1.666,3,3.490e-05,"ok"
30,Float32,KrylovSolver,1e-06,1.623,3,7.541e-05,"ok"
== Part B: eigensolver tolerance sweep on L directly
-- d=20 T=Float32 N=630  opnorm ~ 88.746284  eps(T)*opnorm = 1.05793815e-5
20,Float32,Arpack,0e+00,16,0.664,332,26,16,8.875e+01,3,3,3.77e-08,5.87e-08,6.38e-08,4.93e-03,8.52e-03
20,Float32,Arpack,1e-07,16,0.193,339,27,16,8.875e+01,3,3,1.61e-08,5.07e-08,6.46e-08,4.93e-03,8.52e-03
20,Float32,Arpack,1e-06,16,0.198,318,25,16,8.875e+01,3,3,2.82e-08,5.09e-08,6.20e-08,4.93e-03,8.52e-03
20,Float32,Arpack,1e-05,16,0.216,305,24,16,8.875e+01,3,3,1.10e-08,2.55e-08,5.60e-08,4.93e-03,8.52e-03
20,Float32,Arpack,1e-04,16,0.176,283,22,16,8.875e+01,3,3,1.21e-08,1.71e-08,7.36e-08,4.93e-03,8.52e-03
20,Float32,Arpack,1e-03,16,0.193,251,19,16,8.875e+01,3,3,8.33e-09,1.50e-08,5.19e-08,4.93e-03,8.52e-03
20,Float32,Arpack,1e-02,16,0.154,240,19,16,8.875e+01,3,3,2.52e-08,6.52e-08,9.42e-08,4.93e-03,8.52e-03
20,Float32,KrylovKit,1e-08,16,1.187,761,57,19,8.875e+01,3,3,1.73e-07,2.43e-07,3.93e-07,4.93e-03,8.52e-03
20,Float32,KrylovKit,1e-06,16,0.275,313,26,16,8.875e+01,3,3,8.20e-14,1.38e-07,1.90e-07,4.93e-03,8.52e-03
20,Float32,KrylovKit,1e-04,16,0.172,274,24,16,8.875e+01,3,3,6.93e-09,1.81e-08,1.91e-07,4.93e-03,8.52e-03
20,Float32,KrylovKit,1e-02,16,0.202,225,19,17,8.875e+01,3,3,3.36e-10,1.50e-08,1.75e-07,4.93e-03,8.52e-03
20,Float32,KrylovKit,1e-01,16,0.145,203,17,17,8.875e+01,3,3,1.32e-17,1.72e-07,2.50e-07,4.93e-03,8.52e-03
20,Float32,KrylovKit,9e-06,16,0.255,302,27,16,8.875e+01,3,3,2.68e-17,1.64e-07,2.68e-07,4.93e-03,8.52e-03
20,Float32,KrylovKit,9e-05,16,0.150,277,24,16,8.875e+01,3,3,2.68e-17,1.63e-07,2.39e-07,4.93e-03,8.52e-03
20,Float32,KrylovKit,9e-04,16,0.241,261,23,16,8.875e+01,3,3,3.39e-08,1.06e-07,2.09e-07,4.93e-03,8.52e-03
-- d=30 T=Float32 N=1395  opnorm ~ 126.13632  eps(T)*opnorm = 1.5036621e-5
30,Float32,Arpack,0e+00,16,1.063,376,29,16,1.261e+02,3,3,1.48e-09,4.88e-09,2.44e-08,7.20e-03,1.33e-02
30,Float32,Arpack,1e-07,16,1.289,408,33,16,1.261e+02,3,3,1.80e-10,3.63e-08,8.55e-08,7.20e-03,1.33e-02
30,Float32,Arpack,1e-06,16,0.970,359,28,16,1.261e+02,3,3,8.74e-09,2.50e-08,3.44e-08,7.20e-03,1.33e-02
30,Float32,Arpack,1e-05,16,1.091,345,27,16,1.261e+02,3,3,7.68e-09,4.77e-08,6.68e-08,7.20e-03,1.33e-02
30,Float32,Arpack,1e-04,16,0.877,322,25,16,1.261e+02,3,3,7.54e-09,4.56e-08,8.87e-08,7.20e-03,1.33e-02
30,Float32,Arpack,1e-03,16,0.908,297,23,16,1.261e+02,3,3,1.39e-08,2.85e-08,6.31e-08,7.20e-03,1.33e-02
30,Float32,Arpack,1e-02,16,1.009,292,24,16,1.261e+02,3,3,9.66e-09,1.10e-08,4.62e-08,7.20e-03,1.33e-02
30,Float32,KrylovKit,1e-08,16,2.366,629,47,19,1.261e+02,3,3,1.49e-09,1.17e-07,3.44e-07,7.20e-03,1.33e-02
30,Float32,KrylovKit,1e-06,16,4.843,382,31,18,1.261e+02,3,3,2.87e-08,9.36e-08,1.33e-07,7.20e-03,1.33e-02
30,Float32,KrylovKit,1e-04,16,2.393,331,30,16,1.261e+02,3,3,1.41e-08,2.73e-08,1.73e-07,7.20e-03,1.33e-02
30,Float32,KrylovKit,1e-02,16,1.301,298,28,16,1.261e+02,3,3,0.00e+00,3.23e-08,6.99e-08,7.20e-03,1.33e-02
30,Float32,KrylovKit,1e-01,16,1.015,244,22,18,1.261e+02,3,3,1.19e-07,1.30e-07,1.61e-07,7.20e-03,1.33e-02
30,Float32,KrylovKit,1e-05,16,1.893,352,32,16,1.261e+02,3,3,1.31e-09,6.56e-08,1.44e-07,7.20e-03,1.33e-02
30,Float32,KrylovKit,1e-04,16,1.503,337,31,16,1.261e+02,3,3,1.04e-08,2.44e-08,3.02e-07,7.20e-03,1.33e-02
30,Float32,KrylovKit,1e-03,16,1.219,313,29,16,1.261e+02,3,3,2.74e-09,8.35e-08,1.29e-07,7.20e-03,1.33e-02
-- d=20 T=Float64 N=630  opnorm ~ 88.86031346117906  eps(T)*opnorm = 1.9730953196001946e-14
20,Float64,Arpack,0e+00,16,2.064,483,38,16,8.886e+01,3,3,2.77e-17,3.57e-17,2.21e-16,4.92e-03,8.51e-03
20,Float64,Arpack,1e-08,16,0.335,351,27,16,8.886e+01,3,3,2.52e-17,9.83e-17,1.73e-16,4.92e-03,8.51e-03
20,Float64,Arpack,1e-06,16,0.338,349,28,16,8.886e+01,3,3,2.78e-17,2.93e-17,5.43e-17,4.92e-03,8.51e-03
20,Float64,Arpack,1e-04,16,0.254,327,27,16,8.886e+01,3,3,1.56e-17,2.48e-17,8.32e-17,4.92e-03,8.51e-03
20,Float64,KrylovKit,1e-08,16,3.822,349,30,16,8.886e+01,3,3,1.26e-16,1.60e-16,4.26e-16,4.92e-03,8.51e-03
20,Float64,KrylovKit,9e-11,16,0.338,383,33,16,8.886e+01,3,3,1.25e-17,6.38e-17,1.57e-16,4.92e-03,8.51e-03
20,Float64,KrylovKit,9e-09,16,0.500,349,30,16,8.886e+01,3,3,1.26e-16,1.60e-16,4.26e-16,4.92e-03,8.51e-03
-- d=30 T=Float64 N=1395  opnorm ~ 126.82365519528923  eps(T)*opnorm = 2.8160508412986392e-14
30,Float64,Arpack,0e+00,16,2.283,566,45,16,1.268e+02,3,3,1.82e-17,8.42e-17,1.05e-16,7.16e-03,1.32e-02
30,Float64,Arpack,1e-08,16,1.603,390,30,16,1.268e+02,3,3,2.50e-17,7.54e-17,2.15e-16,7.16e-03,1.32e-02
30,Float64,Arpack,1e-06,16,1.789,381,30,16,1.268e+02,3,3,2.30e-17,7.85e-17,8.00e-17,7.16e-03,1.32e-02
30,Float64,Arpack,1e-04,16,1.574,375,31,16,1.268e+02,3,3,2.97e-18,4.64e-18,6.28e-17,7.16e-03,1.32e-02
30,Float64,KrylovKit,1e-08,16,2.161,391,33,16,1.268e+02,3,3,7.72e-17,2.24e-16,2.60e-16,7.16e-03,1.32e-02
30,Float64,KrylovKit,1e-10,16,2.185,424,36,16,1.268e+02,3,3,4.94e-17,6.96e-17,4.45e-16,7.16e-03,1.32e-02
30,Float64,KrylovKit,1e-08,16,2.105,388,33,16,1.268e+02,3,3,5.28e-17,7.17e-17,3.36e-16,7.16e-03,1.32e-02
== Part C: exact near-zero spectrum by dense eigen
20,630,Float64,Float64,0.63,0.06,8.8860e+01,2.702e-16,6.251e-16,1.120e-15,4.920e-03,8.510e-03,4.395e+12,4.920e-03
20,630,Float32,Float32,0.54,0.06,8.8860e+01,1.309e-07,3.708e-07,4.508e-07,4.920e-03,8.509e-03,1.091e+04,4.919e-03
20,630,Float32,Float64,0.54,0.03,8.8860e+01,8.638e-10,9.654e-09,1.296e-08,4.920e-03,8.510e-03,3.796e+05,4.920e-03
30,1395,Float64,Float64,5.42,0.64,1.2682e+02,1.658e-17,4.462e-16,7.267e-16,7.160e-03,1.321e-02,9.854e+12,7.160e-03
30,1395,Float32,Float32,4.10,0.46,1.2682e+02,1.295e-08,7.122e-08,1.696e-07,7.160e-03,1.321e-02,4.222e+04,7.160e-03
30,1395,Float32,Float64,4.10,0.86,1.2682e+02,1.185e-09,2.821e-09,4.074e-09,7.160e-03,1.321e-02,1.757e+06,7.160e-03
40,2460,Float64,Float64,27.51,3.71,1.6388e+02,8.363e-16,9.720e-16,1.131e-15,2.591e-03,3.543e-03,2.292e+12,2.591e-03
40,2460,Float32,Float32,21.03,1.99,1.6388e+02,2.322e-07,3.667e-07,6.229e-07,2.591e-03,3.543e-03,4.161e+03,2.591e-03
40,2460,Float32,Float64,21.03,3.86,1.6388e+02,2.528e-09,5.416e-09,7.317e-09,2.591e-03,3.543e-03,3.541e+05,2.591e-03
50,3825,Float64,Float64,55.28,11.08,1.6591e+02,7.365e-16,1.405e-15,1.569e-15,1.197e-08,5.412e-05,7.626e+06,1.197e-08
50,3825,Float32,Float32,39.20,4.09,1.6591e+02,6.057e-08,2.839e-07,3.338e-07,5.210e-07,5.485e-05,1.561e+00,1.872e-07
50,3825,Float32,Float64,39.20,8.11,1.6591e+02,6.230e-10,3.781e-09,5.486e-09,6.972e-09,5.413e-05,1.271e+00,1.487e-09
EXP2 DONE
EXIT 0
