Loading Dleto KrylovKit Extension
Loading Dleto IterativeSolvers Extension
START warmup
Using SVDSolver...
Converting LinearMap to Matrix for SVD...
RESULT warmup (dim = 10, seed = 50, noise = 0.0, tol = 1.0e-6, method = "QuickDer", actual_method = "QuickDer", solver = "AutoSolver", nd = -1, sampling = "densor", amplitudes = "gaussian", cutoff = 1.5, nondeg_tol = 1.0e-10, active_dims = "10x10x10", orthogonality_error = 4.164428423150196e-16, signal_residual = 0.0, seconds = 20.533048708, bytes = 1733652432, nullity = 3, solver_nullity = 13, scalar_dim = 2, class = "recovery", lsq_err = 9.091397757437607e-13, support = 0.9999999999999999, perm_ok = true, full_residual = 5.106233837486529e-13, full_residual_status = "ok", status = "ok", artifacts = nothing)
START full d50 seed 17
RESULT full d50 seed 17 (dim = 50, seed = 17, noise = 0.0, tol = 1.0e-6, method = "QuickDer", actual_method = "QuickDer", solver = "AutoSolver", nd = -1, sampling = "densor", amplitudes = "gaussian", cutoff = 1.5, nondeg_tol = 1.0e-10, active_dims = "50x50x50", orthogonality_error = 7.898881644920014e-16, signal_residual = 0.0, seconds = 8.576574042, bytes = 280208352, nullity = 3, solver_nullity = 13, scalar_dim = 2, class = "recovery", lsq_err = 9.241915186386253e-14, support = 1.0000000000000004, perm_ok = true, full_residual = 1.0525373310031174e-14, full_residual_status = "ok", status = "ok", artifacts = nothing)
START full d50 seed 50
RESULT full d50 seed 50 (dim = 50, seed = 50, noise = 0.0, tol = 1.0e-6, method = "QuickDer", actual_method = "QuickDer", solver = "AutoSolver", nd = -1, sampling = "densor", amplitudes = "gaussian", cutoff = 1.5, nondeg_tol = 1.0e-10, active_dims = "50x50x50", orthogonality_error = 3.912779823266898e-15, signal_residual = 0.0, seconds = 8.940493375, bytes = 196140064, nullity = 3, solver_nullity = 13, scalar_dim = 2, class = "recovery", lsq_err = 3.26288045459299e-11, support = 1.000000000000001, perm_ok = true, full_residual = 9.254035156991284e-12, full_residual_status = "ok", status = "ok", artifacts = (points = "/Users/algeboy/CODE/OpenDleto/bench/reports/symmetric-sphere/full-precision_quickder_quickder_densor_gaussian_autosolver_nd-1_d50_seed50_noise0_tol1e-06_points.csv", svg = "/Users/algeboy/CODE/OpenDleto/bench/reports/symmetric-sphere/full-precision_quickder_quickder_densor_gaussian_autosolver_nd-1_d50_seed50_noise0_tol1e-06_xy.svg"))
START full d50 seed 91
RESULT full d50 seed 91 (dim = 50, seed = 91, noise = 0.0, tol = 1.0e-6, method = "QuickDer", actual_method = "QuickDer", solver = "AutoSolver", nd = -1, sampling = "densor", amplitudes = "gaussian", cutoff = 1.5, nondeg_tol = 1.0e-10, active_dims = "50x50x50", orthogonality_error = 6.331673938910674e-16, signal_residual = 0.0, seconds = 6.567161166, bytes = 196140064, nullity = 3, solver_nullity = 13, scalar_dim = 2, class = "recovery", lsq_err = 4.038807380566179e-14, support = 0.9999999999999993, perm_ok = true, full_residual = 2.411336271793538e-15, full_residual_status = "ok", status = "ok", artifacts = nothing)
START full tol 1.0e-8
RESULT full tol 1.0e-8 (dim = 50, seed = 50, noise = 0.0, tol = 1.0e-8, method = "QuickDer", actual_method = "QuickDer", solver = "AutoSolver", nd = -1, sampling = "densor", amplitudes = "gaussian", cutoff = 1.5, nondeg_tol = 1.0e-10, active_dims = "50x50x50", orthogonality_error = 3.912779823266898e-15, signal_residual = 0.0, seconds = 7.276081542, bytes = 196140064, nullity = 3, solver_nullity = 13, scalar_dim = 2, class = "recovery", lsq_err = 3.26288045459299e-11, support = 1.000000000000001, perm_ok = true, full_residual = 9.254035156991284e-12, full_residual_status = "ok", status = "ok", artifacts = nothing)
START full tol 0.0001
RESULT full tol 0.0001 (dim = 50, seed = 50, noise = 0.0, tol = 0.0001, method = "QuickDer", actual_method = "QuickDer", solver = "AutoSolver", nd = -1, sampling = "densor", amplitudes = "gaussian", cutoff = 1.5, nondeg_tol = 1.0e-10, active_dims = "50x50x50", orthogonality_error = 3.912779823266898e-15, signal_residual = 0.0, seconds = 5.633440083, bytes = 196140064, nullity = 3, solver_nullity = 13, scalar_dim = 2, class = "recovery", lsq_err = 3.26288045459299e-11, support = 1.000000000000001, perm_ok = true, full_residual = 9.254035156991284e-12, full_residual_status = "ok", status = "ok", artifacts = nothing)
START full noise 1.0e-8 tol 1.0e-6
RESULT full noise 1.0e-8 tol 1.0e-6 (dim = 50, seed = 50, noise = 1.0e-8, tol = 1.0e-6, method = "QuickDer", actual_method = "QuickDer", solver = "AutoSolver", nd = -1, sampling = "densor", amplitudes = "gaussian", cutoff = 1.5, nondeg_tol = 1.0e-10, active_dims = "50x50x50", orthogonality_error = 3.912779823266898e-15, signal_residual = 9.99999999838965e-9, seconds = 5.890220833, bytes = 150771984, nullity = 2, solver_nullity = 2, scalar_dim = 2, class = "scalar-only", lsq_err = NaN, support = NaN, perm_ok = false, full_residual = 1.5382462721989086e-9, full_residual_status = "ok", status = "ok", artifacts = nothing)
START full noise 1.0e-8 tol 0.001
RESULT full noise 1.0e-8 tol 0.001 (dim = 50, seed = 50, noise = 1.0e-8, tol = 0.001, method = "QuickDer", actual_method = "QuickDer", solver = "AutoSolver", nd = -1, sampling = "densor", amplitudes = "gaussian", cutoff = 1.5, nondeg_tol = 1.0e-10, active_dims = "50x50x50", orthogonality_error = 3.912779823266898e-15, signal_residual = 9.99999999838965e-9, seconds = 5.080308959, bytes = 150771984, nullity = 2, solver_nullity = 2, scalar_dim = 2, class = "scalar-only", lsq_err = NaN, support = NaN, perm_ok = false, full_residual = 1.5382462721989086e-9, full_residual_status = "ok", status = "ok", artifacts = nothing)
START full noise 1.0e-6 tol 1.0e-6
RESULT full noise 1.0e-6 tol 1.0e-6 (dim = 50, seed = 50, noise = 1.0e-6, tol = 1.0e-6, method = "QuickDer", actual_method = "QuickDer", solver = "AutoSolver", nd = -1, sampling = "densor", amplitudes = "gaussian", cutoff = 1.5, nondeg_tol = 1.0e-10, active_dims = "50x50x50", orthogonality_error = 3.912779823266898e-15, signal_residual = 9.999999999994754e-7, seconds = 4.197904875, bytes = 150771984, nullity = 2, solver_nullity = 2, scalar_dim = 2, class = "scalar-only", lsq_err = NaN, support = NaN, perm_ok = false, full_residual = 1.150538219647676e-11, full_residual_status = "ok", status = "ok", artifacts = nothing)
START full noise 1.0e-6 tol 0.001
RESULT full noise 1.0e-6 tol 0.001 (dim = 50, seed = 50, noise = 1.0e-6, tol = 0.001, method = "QuickDer", actual_method = "QuickDer", solver = "AutoSolver", nd = -1, sampling = "densor", amplitudes = "gaussian", cutoff = 1.5, nondeg_tol = 1.0e-10, active_dims = "50x50x50", orthogonality_error = 3.912779823266898e-15, signal_residual = 9.999999999994754e-7, seconds = 6.741623333, bytes = 150771984, nullity = 2, solver_nullity = 2, scalar_dim = 2, class = "scalar-only", lsq_err = NaN, support = NaN, perm_ok = false, full_residual = 1.150538219647676e-11, full_residual_status = "ok", status = "ok", artifacts = nothing)
START full noise 0.0001 tol 1.0e-6
RESULT full noise 0.0001 tol 1.0e-6 (dim = 50, seed = 50, noise = 0.0001, tol = 1.0e-6, method = "QuickDer", actual_method = "QuickDer", solver = "AutoSolver", nd = -1, sampling = "densor", amplitudes = "gaussian", cutoff = 1.5, nondeg_tol = 1.0e-10, active_dims = "50x50x50", orthogonality_error = 3.912779823266898e-15, signal_residual = 9.999999999999602e-5, seconds = 5.560685667, bytes = 150771984, nullity = 2, solver_nullity = 2, scalar_dim = 2, class = "scalar-only", lsq_err = NaN, support = NaN, perm_ok = false, full_residual = 3.5675422476159304e-13, full_residual_status = "ok", status = "ok", artifacts = nothing)
START full noise 0.0001 tol 0.001
RESULT full noise 0.0001 tol 0.001 (dim = 50, seed = 50, noise = 0.0001, tol = 0.001, method = "QuickDer", actual_method = "QuickDer", solver = "AutoSolver", nd = -1, sampling = "densor", amplitudes = "gaussian", cutoff = 1.5, nondeg_tol = 1.0e-10, active_dims = "50x50x50", orthogonality_error = 3.912779823266898e-15, signal_residual = 9.999999999999602e-5, seconds = 6.667435084, bytes = 150771984, nullity = 2, solver_nullity = 2, scalar_dim = 2, class = "scalar-only", lsq_err = NaN, support = NaN, perm_ok = false, full_residual = 3.5675422476159304e-13, full_residual_status = "ok", status = "ok", artifacts = nothing)
START bounded full seed 17
RESULT bounded full seed 17 (dim = 50, seed = 17, noise = 0.0, tol = 1.0e-6, method = "QuickDer", actual_method = "QuickDer", solver = "AutoSolver", nd = -1, sampling = "densor", amplitudes = "bounded", cutoff = 1.5, nondeg_tol = 1.0e-10, active_dims = "50x50x50", orthogonality_error = 7.898881644920014e-16, signal_residual = 0.0, seconds = 8.464350708, bytes = 196140064, nullity = 3, solver_nullity = 13, scalar_dim = 2, class = "recovery", lsq_err = 3.7258232513813387e-14, support = 1.0000000000000009, perm_ok = true, full_residual = 1.328872136482159e-15, full_residual_status = "ok", status = "ok", artifacts = nothing)
START bounded full seed 50
RESULT bounded full seed 50 (dim = 50, seed = 50, noise = 0.0, tol = 1.0e-6, method = "QuickDer", actual_method = "QuickDer", solver = "AutoSolver", nd = -1, sampling = "densor", amplitudes = "bounded", cutoff = 1.5, nondeg_tol = 1.0e-10, active_dims = "50x50x50", orthogonality_error = 3.912779823266898e-15, signal_residual = 0.0, seconds = 5.727109041, bytes = 196140064, nullity = 3, solver_nullity = 13, scalar_dim = 2, class = "recovery", lsq_err = 3.756342318693144e-14, support = 0.9999999999999996, perm_ok = true, full_residual = 3.331329964391905e-15, full_residual_status = "ok", status = "ok", artifacts = (points = "/Users/algeboy/CODE/OpenDleto/bench/reports/symmetric-sphere/full-precision_quickder_quickder_densor_bounded_autosolver_nd-1_d50_seed50_noise0_tol1e-06_points.csv", svg = "/Users/algeboy/CODE/OpenDleto/bench/reports/symmetric-sphere/full-precision_quickder_quickder_densor_bounded_autosolver_nd-1_d50_seed50_noise0_tol1e-06_xy.svg"))
START bounded full seed 91
RESULT bounded full seed 91 (dim = 50, seed = 91, noise = 0.0, tol = 1.0e-6, method = "QuickDer", actual_method = "QuickDer", solver = "AutoSolver", nd = -1, sampling = "densor", amplitudes = "bounded", cutoff = 1.5, nondeg_tol = 1.0e-10, active_dims = "50x50x50", orthogonality_error = 6.331673938910674e-16, signal_residual = 0.0, seconds = 5.445488291, bytes = 196140064, nullity = 3, solver_nullity = 13, scalar_dim = 2, class = "recovery", lsq_err = 3.100975424032983e-14, support = 1.0000000000000002, perm_ok = true, full_residual = 2.262029312290966e-15, full_residual_status = "ok", status = "ok", artifacts = nothing)
COMPLETE
[ Info: quickder restricted: nullity 13 certified (rule :gap), cut at the Float64 precision floor 1.7763568394002505e-15 (relative) -- a near-derivation hidden below that floor would look identical. Values around the cut: [9.41984873156568e-16, 1.1432021933474718e-15, 1.7528612512617679e-15] | [0.00018917909047598636, 0.017493551707928358, 0.020343335148175663]
DONE 0
